<html>
<body>
<pre>
<h1>礦ision Build Log</h1>
<h2>Tool Versions:</h2>
IDE-Version: μVision V5.14.0.0
Copyright (C) 2015 ARM Ltd and ARM Germany GmbH. All rights reserved.
License Information: --- ---, ---, LIC=3UUGK-Z4EA6-RDVK3-AM7QJ-0RQ74-BCXS7
 
Tool Versions:
Toolchain:       MDK-ARM Professional  Version: 5.14.0.0
Toolchain Path:  D:\Program Files\keil5\ARM\ARMCC\Bin
C Compiler:      Armcc.exe V5.05 update 1 (build 106)
Assembler:       Armasm.exe V5.05 update 1 (build 106)
Linker/Locator:  ArmLink.exe V5.05 update 1 (build 106)
Library Manager: ArmAr.exe V5.05 update 1 (build 106)
Hex Converter:   FromElf.exe V5.05 update 1 (build 106)
CPU DLL:         SARMCM3.DLL V5.14.0.0
Dialog DLL:      DCM.DLL V1.13.1.0
Target DLL:      Segger\JL2CM3.dll V2.99.13.0
Dialog DLL:      TCM.DLL V1.14.4.0
 
<h2>Project:</h2>
E:\单片机\stm32\dfhrtos\MDK-ARM\dfhrtos.uvprojx
Project File Date:  08/15/2017

<h2>Output:</h2>
Rebuild target 'dfhrtos'
compiling heap_4.c...
compiling event_groups.c...
compiling croutine.c...
compiling tasks.c...
compiling port.c...
compiling cmsis_os.c...
compiling timers.c...
compiling queue.c...
compiling list.c...
compiling stm32f1xx_hal_gpio.c...
compiling stm32f1xx_hal_i2c.c...
compiling stm32f1xx_hal_cortex.c...
compiling stm32f1xx_hal_tim.c...
compiling stm32f1xx_hal.c...
compiling stm32f1xx_hal_uart.c...
compiling stm32f1xx_hal_pwr.c...
compiling stm32f1xx_hal_flash.c...
compiling stm32f1xx_hal_gpio_ex.c...
compiling stm32f1xx_hal_rcc.c...
compiling stm32f1xx_hal_rcc_ex.c...
compiling stm32f1xx_hal_flash_ex.c...
compiling stm32f1xx_hal_dma.c...
compiling stm32f1xx_hal_tim_ex.c...
compiling system_stm32f1xx.c...
compiling freertos.c...
compiling main.c...
../Src/main.c(680): warning:  #177-D: variable "led0pwmval" was declared but never referenced
                uint16_t led0pwmval=800;
../Src/main.c(681): warning:  #177-D: variable "dir" was declared but never referenced
         uint8_t dir=1;
../Src/main.c: 2 warnings, 0 errors
compiling stm32f1xx_it.c...
compiling stm32f1xx_hal_msp.c...
compiling echo.c...
compiling stm32f1xx_hal_timebase_TIM.c...
compiling hmc5983.c...
compiling flash.c...
assembling startup_stm32f103xb.s...
linking...
Program Size: Code=24824 RO-data=788 RW-data=260 ZI-data=12036  
"dfhrtos\dfhrtos.axf" - 0 Error(s), 2 Warning(s).

<h2>Software Packages used:</h2>

Package Vendor: ARM
                http://www.keil.com/pack/ARM.CMSIS.4.2.0.pack
                ARM::CMSIS:CORE:3.40.0
                CMSIS (Cortex Microcontroller Software Interface Standard)
   * Component: CORE Version: 3.40.0

<h2>Collection of Component include folders:</h2>
  E:\单片机\stm32\dfhrtos\MDK-ARM\RTE
  D:\Program Files\keil5\ARM\PACK\ARM\CMSIS\4.2.0\CMSIS\Include
  D:\Program Files\keil5\ARM\PACK\Keil\STM32F1xx_DFP\2.1.0

<h2>Collection of Component Files used:</h2>

   * Component: ARM::CMSIS:CORE:3.40.0
      Source file:   CMSIS\UserCodeTemplates\ARM\ITM_Retarget.c
</pre>
</body>
</html>
